{
  "type": "census_subdivision",
  "name": {
    "en": "Golden",
    "fr": "Golden"
  },
  "alternate_names": [],
  "valid_from": null,
  "valid_to": null,
  "parent_id": "ca/bc/columbia-shuswap",
  "admin_level": 4,
  "local_code": "5939007",
  "meta": {
    "sgc_province": "59"
  }
}